Microchip MPLAB XC8 Compiler V2.31

Linker command line:

-W-3 --edf=C:\Program Files\Microchip\xc8\v2.31\pic\dat\en_msgs.txt -cn \
  -h+dist/default/production\PROYECTO_FINAL.X.production.sym \
  --cmf=dist/default/production\PROYECTO_FINAL.X.production.cmf -z -Q16F887 \
  -oC:\Users\DELL\AppData\Local\Temp\sf4c.2 --defsym=__MPLAB_BUILD=1 \
  -Mdist/default/production/PROYECTO_FINAL.X.production.map -E1 \
  -ver=XC8 Compiler --acfsm=1493 -ASTACK=0110h-016Fh -pstack=STACK \
  -ACODE=00h-07FFhx4 -ASTRCODE=00h-01FFFh -ASTRING=00h-0FFhx32 \
  -ACONST=00h-0FFhx32 -AENTRY=00h-0FFhx32 -ACOMMON=070h-07Fh \
  -ABANK0=020h-06Fh -ABANK1=0A0h-0EFh -ABANK2=0110h-016Fh \
  -ABANK3=0190h-01EFh -ARAM=020h-06Fh,0A0h-0EFh,0110h-016Fh,0190h-01EFh \
  -AABS1=020h-07Fh,0A0h-0EFh,0110h-016Fh,0190h-01EFh -ASFR0=00h-01Fh \
  -ASFR1=080h-09Fh -ASFR2=0100h-010Fh -ASFR3=0180h-018Fh \
  -ACONFIG=02007h-02008h -DCONFIG=2 -AIDLOC=02000h-02003h -DIDLOC=2 \
  -AEEDATA=00h-0FFh/02100h -peeprom_data=EEDATA -DEEDATA=2 -DCODE=2 \
  -DSTRCODE=2 -DSTRING=2 -DCONST=2 -DENTRY=2 \
  -preset_vec=00h,intentry=04h,init,end_init -ppowerup=CODE -pcinit=CODE \
  -pfunctab=ENTRY -k C:\Users\DELL\AppData\Local\Temp\sf4c.o \
  dist/default/production\PROYECTO_FINAL.X.production.o 

Object code version is 3.11

Machine type is 16F887



                Name                               Link     Load   Length Selector   Space Scale
C:\Users\DELL\AppData\Local\Temp\sf4c.o
                end_init                             10       10        3        8       0
                reset_vec                             0        0        3        0       0
                config                             2007     2007        2        0       4
dist/default/production\PROYECTO_FINAL.X.production.o
                cinit                                13       13       30        8       0
                intentry                              4        4        C        8       0
                config                             2007     2007        2        0       4
                text10                              C04      C04       6A     1808       0
                text9                               3A4      3A4      288        8       0
                text8                               BDB      BDB       29     17B6       0
                text7                                43       43      361        8       0
                text6                               773      773       7C        8       0
                text5                               CE6      CE6       BC     19CC       0
                text4                               62C      62C      147        8       0
                text3                               B9F      B9F       1A     173E       0
                text2                               BB9      BB9       22     1772       0
                text1                               C6E      C6E       78     18DC       0
                maintext                            DA2      DA2      25E     1B44       0
                cstackBANK0                          20       20       49       20       1
                cstackCOMMON                         70       70        5       70       1
                cstackBANK1                          A6       A6        5       A0       1
                dataBANK1                            AB       AB        4       A0       1
                bssBANK1                             A0       A0        6       A0       1
                bssBANK0                             69       69        6       20       1
                bssCOMMON                            75       75        4       70       1
                idataBANK1                          7EF      7EF        4        8       0

TOTAL           Name                               Link     Load   Length     Space
        CLASS   STACK          

        CLASS   CODE           
                end_init                             10       10        3         0
                cinit                                13       13       30         0
                intentry                              4        4        C         0
                reset_vec                             0        0        3         0
                text10                              C04      C04       6A         0
                text9                               3A4      3A4      288         0
                text8                               BDB      BDB       29         0
                text7                                43       43      361         0
                text6                               773      773       7C         0
                text5                               CE6      CE6       BC         0
                text4                               62C      62C      147         0
                text3                               B9F      B9F       1A         0
                text2                               BB9      BB9       22         0
                text1                               C6E      C6E       78         0
                maintext                            DA2      DA2      25E         0
                idataBANK1                          7EF      7EF        4         0

        CLASS   STRCODE        

        CLASS   STRING         

        CLASS   CONST          

        CLASS   ENTRY          

        CLASS   COMMON         
                cstackCOMMON                         70       70        5         1
                bssCOMMON                            75       75        4         1

        CLASS   BANK0          
                cstackBANK0                          20       20       49         1
                bssBANK0                             69       69        6         1

        CLASS   BANK1          
                cstackBANK1                          A6       A6        5         1
                dataBANK1                            AB       AB        4         1
                bssBANK1                             A0       A0        6         1

        CLASS   BANK2          

        CLASS   BANK3          

        CLASS   RAM            

        CLASS   ABS1           
                abs_s1                               7E       7E        2         1

        CLASS   SFR0           

        CLASS   SFR1           

        CLASS   SFR2           

        CLASS   SFR3           

        CLASS   CONFIG         
                config                             2007     2007        2         4

        CLASS   IDLOC          

        CLASS   EEDATA         



SEGMENTS        Name                           Load    Length   Top    Selector   Space  Class     Delta

                reset_vec                      000000  000003  000003         0       0  CODE        2
                intentry                       000004  0007EF  0007F3         8       0  CODE        2
                cstackBANK0                    000020  00004F  00006F        20       1  BANK0       1
                cstackCOMMON                   000070  000009  000079        70       1  COMMON      1
                bssBANK1                       0000A0  00000F  0000AF        A0       1  BANK1       1
                text3                          000B9F  00001A  000BB9      173E       0  CODE        2
                text2                          000BB9  000022  000BDB      1772       0  CODE        2
                text8                          000BDB  000029  000C04      17B6       0  CODE        2
                text10                         000C04  00006A  000C6E      1808       0  CODE        2
                text1                          000C6E  000078  000CE6      18DC       0  CODE        2
                text5                          000CE6  0000BC  000DA2      19CC       0  CODE        2
                maintext                       000DA2  00025E  001000      1B44       0  CODE        2


UNUSED ADDRESS RANGES

        Name                Unused          Largest block    Delta
        BANK0            006F-006F              1           1
        BANK1            00AF-00EF             41           1
        BANK2            0110-016F             60           1
        BANK3            0190-01EF             60           1
        CODE             0003-0003              1           2
                         07F3-0B9E              D
                         1000-1FFF            800
        COMMON           0079-007D              5           1
        CONST            0003-0003              1           2
                         07F3-0B9E            100
                         1000-1FFF            100
        EEDATA           2100-21FF            100           2
        ENTRY            0003-0003              1           2
                         07F3-0B9E            100
                         1000-1FFF            100
        IDLOC            2000-2003              4           2
        RAM              006F-006F              1           1
                         00AF-00EF             41
                         0110-016F             60
                         0190-01EF             60
        SFR0             0000-001F             20           1
        SFR1             0080-009F             20           1
        SFR2             0100-010F             10           1
        SFR3             0180-018F             10           1
        STACK            0110-016F             60           1
        STRCODE          0003-0003              1           2
                         07F3-0B9E            3AC
                         1000-1FFF           1000
        STRING           0003-0003              1           2
                         07F3-0B9E            100
                         1000-1FFF            100

                                  Symbol Table

?_EEPROM_R               cstackBANK0  0020
?__Umul8_16              cstackBANK0  0020
?___fladd                cstackBANK0  0048
?___flmul                cstackBANK0  002E
?___fltol                cstackBANK0  005C
?___xxtofl               cstackBANK0  0020
ANALOGICOS@VALORAN       cstackBANK0  0067
EEPROM_R@add             cstackBANK0  0020
EEPROM_R@dato            cstackBANK0  0024
EEPROM_W@add             cstackBANK0  0022
EEPROM_W@dato            cstackBANK0  0020
_ADCON0bits              (abs)        001F
_ADCON1bits              (abs)        009F
_ADIF                    (abs)        0066
_ADRESH                  (abs)        001E
_ANALOGICOS              text4        062C
_ANSEL                   (abs)        0188
_ANSELH                  (abs)        0189
_BAUDCTLbits             (abs)        0187
_CCP1CON                 (abs)        0017
_CCP2CONbits             (abs)        001D
_CCPR1L                  (abs)        0015
_CCPR2L                  (abs)        001B
_DATO                    bssCOMMON    0077
_EEADR                   (abs)        010D
_EECON1bits              (abs)        018C
_EECON2                  (abs)        018D
_EEDAT                   (abs)        010C
_EEDATA                  (abs)        010C
_EEPROM_R                text3        0B9F
_EEPROM_W                text2        0BB9
_INTCONbits              (abs)        000B
_IOCB                    (abs)        0096
_OPTION_REG              (abs)        0081
_OSCCONbits              (abs)        008F
_PIE1bits                (abs)        008C
_PIR1bits                (abs)        000C
_PIR2bits                (abs)        000D
_PORTA                   (abs)        0005
_PORTB                   (abs)        0006
_PORTC                   (abs)        0007
_PORTCbits               (abs)        0007
_PORTD                   (abs)        0008
_PORTE                   (abs)        0009
_POT0                    bssCOMMON    0075
_POT1                    bssBANK0     006B
_POT2                    bssBANK0     0069
_PR2                     (abs)        0092
_PWM3                    bssBANK0     006D
_RB0                     (abs)        0030
_RB0_FLAG                dataBANK1    00AD
_RB1                     (abs)        0031
_RB1_FLAG                dataBANK1    00AB
_RB4                     (abs)        0034
_RB5                     (abs)        0035
_RB6                     (abs)        0036
_RB7                     (abs)        0037
_RCREG                   (abs)        001A
_RCSTAbits               (abs)        0018
_SEL                     bssBANK1     00A0
_SEL_G                   bssBANK1     00A2
_SPBRG                   (abs)        0099
_SPBRGH                  (abs)        009A
_T0IF                    (abs)        005A
_T2CON                   (abs)        0012
_TMR0                    (abs)        0001
_TRISA                   (abs)        0085
_TRISB                   (abs)        0086
_TRISC                   (abs)        0087
_TRISD                   (abs)        0088
_TRISE                   (abs)        0089
_TXSTAbits               (abs)        0098
_VALORAN                 bssBANK1     00A4
_WPUB                    (abs)        0095
__Habs1                  abs1         0000
__Hbank0                 bank0        0000
__Hbank1                 bank1        0000
__Hbank2                 bank2        0000
__Hbank3                 bank3        0000
__HbssBANK0              bssBANK0     0000
__HbssBANK1              bssBANK1     0000
__HbssCOMMON             bssCOMMON    0000
__Hcinit                 cinit        0043
__Hclrtext               clrtext      0000
__Hcode                  code         0000
__Hcommon                common       0000
__Hconfig                config       2009
__HcstackBANK0           cstackBANK0  0000
__HcstackBANK1           cstackBANK1  0000
__HcstackCOMMON          cstackCOMMON 0000
__HdataBANK1             dataBANK1    0000
__Heeprom_data           eeprom_data  0000
__Hend_init              end_init     0013
__Hfunctab               functab      0000
__HidataBANK1            idataBANK1   0000
__Hinit                  init         0010
__Hintentry              intentry     0010
__Hmaintext              maintext     0000
__Hpowerup               powerup      0000
__Hram                   ram          0000
__Hreset_vec             reset_vec    0003
__Hsfr0                  sfr0         0000
__Hsfr1                  sfr1         0000
__Hsfr2                  sfr2         0000
__Hsfr3                  sfr3         0000
__Hspace_0               (abs)        1000
__Hspace_1               (abs)        00AF
__Hspace_2               (abs)        0000
__Hspace_3               (abs)        0000
__Hspace_4               (abs)        4010
__Hstack                 stack        0000
__Hstrings               strings      0000
__Htext                  text         0000
__Labs1                  abs1         0000
__Lbank0                 bank0        0000
__Lbank1                 bank1        0000
__Lbank2                 bank2        0000
__Lbank3                 bank3        0000
__LbssBANK0              bssBANK0     0000
__LbssBANK1              bssBANK1     0000
__LbssCOMMON             bssCOMMON    0000
__Lcinit                 cinit        0013
__Lclrtext               clrtext      0000
__Lcode                  code         0000
__Lcommon                common       0000
__Lconfig                config       0000
__LcstackBANK0           cstackBANK0  0000
__LcstackBANK1           cstackBANK1  0000
__LcstackCOMMON          cstackCOMMON 0000
__LdataBANK1             dataBANK1    0000
__Leeprom_data           eeprom_data  0000
__Lend_init              end_init     0010
__Lfunctab               functab      0000
__LidataBANK1            idataBANK1   0000
__Linit                  init         0010
__Lintentry              intentry     0004
__Lmaintext              maintext     0000
__Lpowerup               powerup      0000
__Lram                   ram          0000
__Lreset_vec             reset_vec    0000
__Lsfr0                  sfr0         0000
__Lsfr1                  sfr1         0000
__Lsfr2                  sfr2         0000
__Lsfr3                  sfr3         0000
__Lspace_0               (abs)        0000
__Lspace_1               (abs)        0000
__Lspace_2               (abs)        0000
__Lspace_3               (abs)        0000
__Lspace_4               (abs)        0000
__Lstack                 stack        0000
__Lstrings               strings      0000
__Ltext                  text         0000
__S0                     (abs)        1000
__S1                     (abs)        00AF
__S2                     (abs)        0000
__S3                     (abs)        0000
__Umul8_16               text8        0BDB
__Umul8_16@multiplicand  cstackBANK0  0020
__Umul8_16@multiplier    cstackBANK0  0028
__Umul8_16@product       cstackBANK0  0024
__Umul8_16@word_mpld     cstackBANK0  0026
___fladd                 text9        03A4
___fladd@a               cstackBANK0  004C
___fladd@aexp            cstackBANK0  0059
___fladd@b               cstackBANK0  0048
___fladd@bexp            cstackBANK0  005A
___fladd@grs             cstackBANK0  005B
___fladd@signs           cstackBANK0  0058
___flmul                 text7        0043
___flmul@a               cstackBANK0  0032
___flmul@aexp            cstackBANK0  003C
___flmul@b               cstackBANK0  002E
___flmul@bexp            cstackBANK0  0041
___flmul@grs             cstackBANK0  003D
___flmul@prod            cstackBANK0  0042
___flmul@sign            cstackBANK0  003B
___flmul@temp            cstackBANK0  0046
___fltol                 text6        0773
___fltol@exp1            cstackBANK0  0066
___fltol@f1              cstackBANK0  005C
___fltol@sign1           cstackBANK0  0065
___int_sp                stack        0000
___latbits               (abs)        0002
___sp                    stack        0000
___stackhi               (abs)        0000
___stacklo               (abs)        0000
___xxtofl                text5        0CE6
___xxtofl@arg            cstackBANK0  002A
___xxtofl@exp            cstackBANK0  0029
___xxtofl@sign           cstackBANK0  0028
___xxtofl@val            cstackBANK0  0020
__end_of_ANALOGICOS      text4        0773
__end_of_EEPROM_R        text3        0BB9
__end_of_EEPROM_W        text2        0BDB
__end_of__Umul8_16       text8        0C04
__end_of___fladd         text9        062C
__end_of___flmul         text7        03A4
__end_of___fltol         text6        07EF
__end_of___xxtofl        text5        0DA2
__end_of__initialization cinit        003F
__end_of_isr             text10       0C6E
__end_of_main            maintext     1000
__end_of_setup           text1        0CE6
__initialization         cinit        0013
__pbssBANK0              bssBANK0     0069
__pbssBANK1              bssBANK1     00A0
__pbssCOMMON             bssCOMMON    0075
__pcstackBANK0           cstackBANK0  0020
__pcstackBANK1           cstackBANK1  00A6
__pcstackCOMMON          cstackCOMMON 0070
__pdataBANK1             dataBANK1    00AB
__pidataBANK1            idataBANK1   07EF
__pintentry              intentry     0004
__pmaintext              maintext     0DA2
__ptext1                 text1        0C6E
__ptext10                text10       0C04
__ptext2                 text2        0BB9
__ptext3                 text3        0B9F
__ptext4                 text4        062C
__ptext5                 text5        0CE6
__ptext6                 text6        0773
__ptext7                 text7        0043
__ptext8                 text8        0BDB
__ptext9                 text9        03A4
__size_of_ANALOGICOS     (abs)        0000
__size_of_EEPROM_R       (abs)        0000
__size_of_EEPROM_W       (abs)        0000
__size_of__Umul8_16      (abs)        0000
__size_of___fladd        (abs)        0000
__size_of___flmul        (abs)        0000
__size_of___fltol        (abs)        0000
__size_of___xxtofl       (abs)        0000
__size_of_isr            (abs)        0000
__size_of_main           (abs)        0000
__size_of_setup          (abs)        0000
_isr                     text10       0C04
_main                    maintext     0DA2
_setup                   text1        0C6E
btemp                    (abs)        007E
end_of_initialization    cinit        003F
interrupt_function       intentry     0004
intlevel0                functab      0000
intlevel1                functab      0000
intlevel2                functab      0000
intlevel3                functab      0000
intlevel4                functab      0000
intlevel5                functab      0000
reset_vec                reset_vec    0000
saved_w                  (abs)        007E
start                    init         0010
start_initialization     cinit        0013
wtemp0                   (abs)        007E


FUNCTION INFORMATION:

 *************** function _main *****************
 Defined at:
		line 93 in file "main.c"
 Parameters:    Size  Location     Type
		None
 Auto vars:     Size  Location     Type
		None
 Return value:  Size  Location     Type
                  1    wreg      void 
 Registers used:
		wreg, fsr0l, fsr0h, status,2, status,0, btemp+1, pclath, cstack
 Tracked objects:
		On entry : 
		On exit  : 
		Unchanged: 
 Data sizes:     COMMON   BANK0   BANK1   BANK3   BANK2
      Params:         0       0       0       0       0
      Locals:         0       0       0       0       0
      Temps:          0       0       2       0       0
      Totals:         0       0       2       0       0
Total ram usage:        2 bytes
 Hardware stack levels required when called:    4
 This function calls:
		_ANALOGICOS
		_EEPROM_R
		_EEPROM_W
		___fladd
		___flmul
		___fltol
		___xxtofl
		_setup
 This function is called by:
		Startup code after reset
 This function uses a non-reentrant model


 *************** function _setup *****************
 Defined at:
		line 170 in file "main.c"
 Parameters:    Size  Location     Type
		None
 Auto vars:     Size  Location     Type
		None
 Return value:  Size  Location     Type
                  1    wreg      void 
 Registers used:
		wreg, status,2, status,0
 Tracked objects:
		On entry : 
		On exit  : 
		Unchanged: 
 Data sizes:     COMMON   BANK0   BANK1   BANK3   BANK2
      Params:         0       0       0       0       0
      Locals:         0       0       0       0       0
      Temps:          0       1       0       0       0
      Totals:         0       1       0       0       0
Total ram usage:        1 bytes
 Hardware stack levels used:    1
 Hardware stack levels required when called:    1
 This function calls:
		Nothing
 This function is called by:
		_main
 This function uses a non-reentrant model


 *************** function _EEPROM_W *****************
 Defined at:
		line 275 in file "main.c"
 Parameters:    Size  Location     Type
  dato            2    0[BANK0 ] unsigned int 
  add             2    2[BANK0 ] int 
 Auto vars:     Size  Location     Type
		None
 Return value:  Size  Location     Type
                  1    wreg      void 
 Registers used:
		wreg
 Tracked objects:
		On entry : 
		On exit  : 
		Unchanged: 
 Data sizes:     COMMON   BANK0   BANK1   BANK3   BANK2
      Params:         0       4       0       0       0
      Locals:         0       0       0       0       0
      Temps:          0       0       0       0       0
      Totals:         0       4       0       0       0
Total ram usage:        4 bytes
 Hardware stack levels used:    1
 Hardware stack levels required when called:    1
 This function calls:
		Nothing
 This function is called by:
		_main
 This function uses a non-reentrant model


 *************** function _EEPROM_R *****************
 Defined at:
		line 291 in file "main.c"
 Parameters:    Size  Location     Type
  add             2    0[BANK0 ] unsigned int 
 Auto vars:     Size  Location     Type
  dato            2    4[BANK0 ] unsigned int 
 Return value:  Size  Location     Type
                  2    0[BANK0 ] unsigned int 
 Registers used:
		wreg
 Tracked objects:
		On entry : 
		On exit  : 
		Unchanged: 
 Data sizes:     COMMON   BANK0   BANK1   BANK3   BANK2
      Params:         0       2       0       0       0
      Locals:         0       2       0       0       0
      Temps:          0       2       0       0       0
      Totals:         0       6       0       0       0
Total ram usage:        6 bytes
 Hardware stack levels used:    1
 Hardware stack levels required when called:    1
 This function calls:
		Nothing
 This function is called by:
		_main
 This function uses a non-reentrant model


 *************** function _ANALOGICOS *****************
 Defined at:
		line 246 in file "main.c"
 Parameters:    Size  Location     Type
  VALORAN         2   71[BANK0 ] int 
 Auto vars:     Size  Location     Type
		None
 Return value:  Size  Location     Type
                  1    wreg      void 
 Registers used:
		wreg, fsr0l, fsr0h, status,2, status,0, btemp+1, pclath, cstack
 Tracked objects:
		On entry : 
		On exit  : 
		Unchanged: 
 Data sizes:     COMMON   BANK0   BANK1   BANK3   BANK2
      Params:         0       2       0       0       0
      Locals:         0       0       0       0       0
      Temps:          0       0       3       0       0
      Totals:         0       2       3       0       0
Total ram usage:        5 bytes
 Hardware stack levels used:    1
 Hardware stack levels required when called:    3
 This function calls:
		___fladd
		___flmul
		___fltol
		___xxtofl
 This function is called by:
		_main
 This function uses a non-reentrant model


 *************** function ___xxtofl *****************
 Defined at:
		line 10 in file "C:\Program Files\Microchip\xc8\v2.31\pic\sources\c90\common\xxtofl.c"
 Parameters:    Size  Location     Type
  sign            1    wreg     unsigned char 
  val             4    0[BANK0 ] long 
 Auto vars:     Size  Location     Type
  sign            1    8[BANK0 ] unsigned char 
  arg             4   10[BANK0 ] unsigned long 
  exp             1    9[BANK0 ] unsigned char 
 Return value:  Size  Location     Type
                  4    0[BANK0 ] unsigned char 
 Registers used:
		wreg, status,2, status,0
 Tracked objects:
		On entry : 
		On exit  : 
		Unchanged: 
 Data sizes:     COMMON   BANK0   BANK1   BANK3   BANK2
      Params:         0       4       0       0       0
      Locals:         0       6       0       0       0
      Temps:          0       4       0       0       0
      Totals:         0      14       0       0       0
Total ram usage:       14 bytes
 Hardware stack levels used:    1
 Hardware stack levels required when called:    1
 This function calls:
		Nothing
 This function is called by:
		_main
		_ANALOGICOS
 This function uses a non-reentrant model


 *************** function ___fltol *****************
 Defined at:
		line 43 in file "C:\Program Files\Microchip\xc8\v2.31\pic\sources\c90\common\fltol.c"
 Parameters:    Size  Location     Type
  f1              4   60[BANK0 ] unsigned char 
 Auto vars:     Size  Location     Type
  exp1            1   70[BANK0 ] unsigned char 
  sign1           1   69[BANK0 ] unsigned char 
 Return value:  Size  Location     Type
                  4   60[BANK0 ] long 
 Registers used:
		wreg, status,2, status,0
 Tracked objects:
		On entry : 
		On exit  : 
		Unchanged: 
 Data sizes:     COMMON   BANK0   BANK1   BANK3   BANK2
      Params:         0       4       0       0       0
      Locals:         0       2       0       0       0
      Temps:          0       5       0       0       0
      Totals:         0      11       0       0       0
Total ram usage:       11 bytes
 Hardware stack levels used:    1
 Hardware stack levels required when called:    1
 This function calls:
		Nothing
 This function is called by:
		_main
		_ANALOGICOS
 This function uses a non-reentrant model


 *************** function ___flmul *****************
 Defined at:
		line 8 in file "C:\Program Files\Microchip\xc8\v2.31\pic\sources\c90\common\sprcmul.c"
 Parameters:    Size  Location     Type
  b               4   14[BANK0 ] long 
  a               4   18[BANK0 ] long 
 Auto vars:     Size  Location     Type
  prod            4   34[BANK0 ] struct .
  grs             4   29[BANK0 ] unsigned long 
  temp            2   38[BANK0 ] struct .
  bexp            1   33[BANK0 ] unsigned char 
  aexp            1   28[BANK0 ] unsigned char 
  sign            1   27[BANK0 ] unsigned char 
 Return value:  Size  Location     Type
                  4   14[BANK0 ] unsigned char 
 Registers used:
		wreg, status,2, status,0, btemp+1, pclath, cstack
 Tracked objects:
		On entry : 
		On exit  : 
		Unchanged: 
 Data sizes:     COMMON   BANK0   BANK1   BANK3   BANK2
      Params:         0       8       0       0       0
      Locals:         0      13       0       0       0
      Temps:          0       5       0       0       0
      Totals:         0      26       0       0       0
Total ram usage:       26 bytes
 Hardware stack levels used:    1
 Hardware stack levels required when called:    2
 This function calls:
		__Umul8_16
 This function is called by:
		_main
		_ANALOGICOS
 This function uses a non-reentrant model


 *************** function __Umul8_16 *****************
 Defined at:
		line 4 in file "C:\Program Files\Microchip\xc8\v2.31\pic\sources\c90\common\Umul8_16.c"
 Parameters:    Size  Location     Type
  multiplier      1    wreg     unsigned char 
  multiplicand    1    0[BANK0 ] unsigned char 
 Auto vars:     Size  Location     Type
  multiplier      1    8[BANK0 ] unsigned char 
  word_mpld       2    6[BANK0 ] unsigned int 
  product         2    4[BANK0 ] unsigned int 
 Return value:  Size  Location     Type
                  2    0[BANK0 ] unsigned int 
 Registers used:
		wreg, status,2, status,0
 Tracked objects:
		On entry : 
		On exit  : 
		Unchanged: 
 Data sizes:     COMMON   BANK0   BANK1   BANK3   BANK2
      Params:         0       2       0       0       0
      Locals:         0       5       0       0       0
      Temps:          0       2       0       0       0
      Totals:         0       9       0       0       0
Total ram usage:        9 bytes
 Hardware stack levels used:    1
 Hardware stack levels required when called:    1
 This function calls:
		Nothing
 This function is called by:
		___flmul
 This function uses a non-reentrant model


 *************** function ___fladd *****************
 Defined at:
		line 10 in file "C:\Program Files\Microchip\xc8\v2.31\pic\sources\c90\common\sprcadd.c"
 Parameters:    Size  Location     Type
  b               4   40[BANK0 ] unsigned int 
  a               4   44[BANK0 ] unsigned int 
 Auto vars:     Size  Location     Type
  grs             1   59[BANK0 ] unsigned char 
  bexp            1   58[BANK0 ] unsigned char 
  aexp            1   57[BANK0 ] unsigned char 
  signs           1   56[BANK0 ] unsigned char 
 Return value:  Size  Location     Type
                  4   40[BANK0 ] unsigned char 
 Registers used:
		wreg, status,2, status,0, btemp+1
 Tracked objects:
		On entry : 
		On exit  : 
		Unchanged: 
 Data sizes:     COMMON   BANK0   BANK1   BANK3   BANK2
      Params:         0       8       0       0       0
      Locals:         0       4       0       0       0
      Temps:          0       8       0       0       0
      Totals:         0      20       0       0       0
Total ram usage:       20 bytes
 Hardware stack levels used:    1
 Hardware stack levels required when called:    1
 This function calls:
		Nothing
 This function is called by:
		_main
		_ANALOGICOS
 This function uses a non-reentrant model


 *************** function _isr *****************
 Defined at:
		line 59 in file "main.c"
 Parameters:    Size  Location     Type
		None
 Auto vars:     Size  Location     Type
		None
 Return value:  Size  Location     Type
                  1    wreg      void 
 Registers used:
		wreg, status,2, btemp+1
 Tracked objects:
		On entry : 
		On exit  : 
		Unchanged: 
 Data sizes:     COMMON   BANK0   BANK1   BANK3   BANK2
      Params:         0       0       0       0       0
      Locals:         0       0       0       0       0
      Temps:          5       0       0       0       0
      Totals:         5       0       0       0       0
Total ram usage:        5 bytes
 Hardware stack levels used:    1
 This function calls:
		Nothing
 This function is called by:
		Interrupt level 1
 This function uses a non-reentrant model



MODULE INFORMATION

Module		Function		Class		Link	Load	Size
C:\Program Files\Microchip\xc8\v2.31\pic\sources\c90\common\sprcmul.c
		___flmul       		CODE           	0043	0000	865

C:\Program Files\Microchip\xc8\v2.31\pic\sources\c90\common\sprcmul.c estimated size: 865

C:\Program Files\Microchip\xc8\v2.31\pic\sources\c90\common\Umul8_16.c
		__Umul8_16     		CODE           	0BDB	0000	41

C:\Program Files\Microchip\xc8\v2.31\pic\sources\c90\common\Umul8_16.c estimated size: 41

C:\Program Files\Microchip\xc8\v2.31\pic\sources\c90\common\sprcadd.c
		___fladd       		CODE           	03A4	0000	648

C:\Program Files\Microchip\xc8\v2.31\pic\sources\c90\common\sprcadd.c estimated size: 648

shared
		__initialization		CODE           	0013	0000	44

shared estimated size: 44

C:\Program Files\Microchip\xc8\v2.31\pic\sources\c90\common\fltol.c
		___fltol       		CODE           	0773	0000	124

C:\Program Files\Microchip\xc8\v2.31\pic\sources\c90\common\fltol.c estimated size: 124

C:\Program Files\Microchip\xc8\v2.31\pic\sources\c90\common\xxtofl.c
		___xxtofl      		CODE           	0CE6	0000	188

C:\Program Files\Microchip\xc8\v2.31\pic\sources\c90\common\xxtofl.c estimated size: 188

main.c
		_ANALOGICOS    		CODE           	062C	0000	327
		_EEPROM_R      		CODE           	0B9F	0000	26
		_EEPROM_W      		CODE           	0BB9	0000	34
		_main          		CODE           	0DA2	0000	606
		_isr           		CODE           	0C04	0000	106
		_setup         		CODE           	0C6E	0000	120

main.c estimated size: 1219

